/*---------------------------------------------------------------------------*\
| =========                 |                                                 |
| \\      /  F ield         | OpenFOAM: The Open Source CFD Toolbox           |
|  \\    /   O peration     | Version:  2512                                  |
|   \\  /    A nd           | Website:  www.openfoam.com                      |
|    \\/     M anipulation  |                                                 |
\*---------------------------------------------------------------------------*/
Build  : _bd2b6720-20260127 OPENFOAM=2512 version=2512
Arch   : "LSB;label=32;scalar=64"
Exec   : checkMesh
Date   : Sep 18 2026
Time   : 01:34:12
Host   : 4418d3f36382
PID    : 10371
I/O    : uncollated
Case   : /home/ubuntu/Quantum-Hybrid-PINN/pilot_case/PILOT-PCCV-TRANSIENT-001/openfoam_reconstructed
nProcs : 1
trapFpe: Floating point exception trapping enabled (FOAM_SIGFPE).
memory pool : not available
fileModificationChecking : Monitoring run-time modified files using timeStampMaster (fileModificationSkew 5, maxFileModificationPolls 20)
allowSystemOperations : Allowing user-supplied system call operations

// * * * * * * * * * * * * * * * * * * * * * * * * * * * * * * * * * * * * * //
Create time

Create mesh for time = 0

Check mesh...

Time = 0

Mesh stats 
    points:           119453
    faces:            329000
    internal faces:   314009
    cells:            104950
    faces per cell:   6.12681276798
    boundary patches: 6
    point zones:      1
    face zones:       0
    cell zones:       0

Overall number of cells of each type:
    hexahedra:     98096
    prisms:        795
    wedges:        0
    pyramids:      0
    tet wedges:    0
    tetrahedra:    0
    polyhedra:     6059
    Breakdown of polyhedra by number of faces:
        faces   number of cells
            4   177
            5   266
            6   2020
            9   2468
           12   944
           15   184

Checking topology...
    Boundary definition OK.
    Cell to face addressing OK.
    Point usage OK.
    Upper triangular ordering OK.
    Face vertices OK.
    Number of regions: 1 (OK).

Checking patch topology for multiply connected surfaces...
                   Patch    Faces   Points  Surface topology
                   inlet     1500     1581  ok (non-closed singly connected)
                  outlet     1500     1581  ok (non-closed singly connected)
               sideWalls     3000     3162  ok (non-closed singly connected)
                   front     2500     2601  ok (non-closed singly connected)
                    back     2500     2601  ok (non-closed singly connected)
                pccvWall     3991     4267      ok (closed singly connected)
                    ".*"    14991    15269      ok (closed singly connected)


Checking faceZone topology for multiply connected surfaces...
    No faceZones found.

Checking basic cellZone addressing...
    No cellZones found.

Checking basic pointZone addressing...
               PointZone  PointsBoundingBox
            frozenPoints       0(1e+150 1e+150 1e+150) (-1e+150 -1e+150 -1e+150)

Checking geometry...
    Overall domain bounding box (-0.5 -0.5 -0.1) (0.5 0.5 0.5)
    Mesh has 3 geometric (non-empty/wedge) directions (1 1 1)
    Mesh has 3 solution (non-empty) directions (1 1 1)
    Boundary openness (2.36656213812e-16 2.98471972899e-17 -4.73393328316e-15) OK.
    Max cell openness = 2.73942140647e-16 OK.
    Max aspect ratio = 3.34475481326 OK.
    Minimum face area = 9.36472433572e-06. Maximum face area = 0.000402018065784.  Face area magnitudes OK.
    Min volume = 2.57467359367e-08. Max volume = 8.03246003097e-06.  Total volume = 0.599400566734.  Cell volumes OK.
    Mesh non-orthogonality Max: 43.3521341606 average: 6.49862093427
    Non-orthogonality check OK.
    Face pyramids OK.
    Max skewness = 1.62275697596 OK.
    Coupled point location match (average 0) OK.

Mesh OK.

End

