/*---------------------------------------------------------------------------*\
| =========                 |                                                 |
| \\      /  F ield         | OpenFOAM: The Open Source CFD Toolbox           |
|  \\    /   O peration     | Version:  2512                                  |
|   \\  /    A nd           | Website:  www.openfoam.com                      |
|    \\/     M anipulation  |                                                 |
\*---------------------------------------------------------------------------*/
Build  : _87ed40d2-20251219 OPENFOAM=2512 version=2512
Arch   : "LSB;label=32;scalar=64"
Exec   : reactingTwoPhaseEulerFoam
Date   : Sep 01 2026
Time   : 22:03:08
Host   : f95062e3beaa
PID    : 16966
I/O    : uncollated
Case   : /workspace/pilot_case/PILOT-LH2-001/cases/CFD-BASELINE
nProcs : 1
trapFpe: Floating point exception trapping enabled (FOAM_SIGFPE).
memory pool : not available
fileModificationChecking : Monitoring run-time modified files using timeStampMaster (fileModificationSkew 5, maxFileModificationPolls 20)
allowSystemOperations : Allowing user-supplied system call operations

// * * * * * * * * * * * * * * * * * * * * * * * * * * * * * * * * * * * * * //
Create time

Create mesh for time = 0


PIMPLE: no residual control data found. Calculations will employ 6 corrector loops


Reading g

Reading hRef
Creating phaseSystem

Selecting twoPhaseSystem thermalPhaseChangeTwoPhaseSystem
Selecting phaseModel for gas: purePhaseModel
Selecting diameterModel for phase gas: isothermal
Selecting thermodynamics package 
{
    type            heRhoThermo;
    mixture         pureMixture;
    transport       const;
    thermo          coolPropThermo;
    equationOfState icoTabulated;
    specie          specie;
    energy          sensibleEnthalpy;
}

Calculating face flux field phi.gas
Selecting turbulence model type RAS
Selecting RAS turbulence model continuousGasKEpsilon
RAS
{
    RASModel        continuousGasKEpsilon;
    turbulence      on;
    printCoeffs     on;
    Cmu             0.09;
    C1              1.44;
    C2              1.92;
    C3              0;
    sigmak          1;
    sigmaEps        1.3;
    twoLayerTreatment false;
    ReyStar         200;
    ReyFactor       0.05;
    alphaInversion  0.7;
}

Selecting phaseModel for liquid: purePhaseModel
Selecting diameterModel for phase liquid: constant
Selecting thermodynamics package 
{
    type            heRhoThermo;
    mixture         pureMixture;
    transport       const;
    thermo          coolPropThermo;
    equationOfState icoTabulated;
    specie          specie;
    energy          sensibleEnthalpy;
}

Calculating face flux field phi.liquid
Selecting turbulence model type RAS
Selecting RAS turbulence model LaheyKEpsilon
RAS
{
    RASModel        LaheyKEpsilon;
    turbulence      on;
    printCoeffs     on;
    Cmu             0.09;
    C1              1.44;
    C2              1.92;
    C3              0;
    sigmak          1;
    sigmaEps        1.3;
    twoLayerTreatment false;
    ReyStar         200;
    ReyFactor       0.05;
    alphaInversion  0.3;
    Cp              0.25;
    Cmub            0.6;
}

No MRF models present

Selecting default blending method: none
Selecting dragModel for (gas in liquid): SchillerNaumann
Selecting swarmCorrection for (gas in liquid): none
Selecting virtualMassModel for (gas in liquid): constantCoefficient
Selecting saturationModel: function1
Calculating field g.h

Reading field p_rgh

Courant Number mean: 0.00375 max: 0.00375000009

Starting time loop

Courant Number mean: 0.00375 max: 0.00375000009
Max Ur Courant Number = 0
deltaT = 0.000119990401
Time = 0.00011999

PIMPLE: iteration 1
MULES: Solving for alpha.gas
MULES: Solving for alpha.gas
MULES: Solving for alpha.gas
alpha.gas volume fraction = 0.01  Min(alpha1) = 0.01  Max(alpha1) = 0.01
Constructing face momentum equations
smoothSolver:  Solving for h.gas, Initial residual = 0.999999554, Final residual = 4.00478358e-06, No Iterations 1
smoothSolver:  Solving for h.liquid, Initial residual = 0.999999999, Final residual = 1.21484044e-05, No Iterations 1
[stack trace]
=============
#1  Foam::sigFpe::sigHandler(int) in /usr/lib/openfoam/openfoam2512/platforms/linux64GccDPInt32Opt/lib/libOpenFOAM.so
#2  ? in /lib/x86_64-linux-gnu/libc.so.6
#3  Foam::heRhoThermo<Foam::rhoThermo, Foam::pureMixture<Foam::constTransport<Foam::species::thermo<Foam::coolPropThermo<Foam::icoTabulated<Foam::specie> >, Foam::sensibleEnthalpy> > > >::calculate(Foam::GeometricField<double, Foam::fvPatchField, Foam::volMesh> const&, Foam::GeometricField<double, Foam::fvPatchField, Foam::volMesh>&, Foam::GeometricField<double, Foam::fvPatchField, Foam::volMesh>&, Foam::GeometricField<double, Foam::fvPatchField, Foam::volMesh>&, Foam::GeometricField<double, Foam::fvPatchField, Foam::volMesh>&, Foam::GeometricField<double, Foam::fvPatchField, Foam::volMesh>&, Foam::GeometricField<double, Foam::fvPatchField, Foam::volMesh>&, bool) in ~/OpenFOAM/user-v2512/platforms/linux64GccDPInt32Opt/lib/liblh2CoolPropThermo.so
#4  Foam::heRhoThermo<Foam::rhoThermo, Foam::pureMixture<Foam::constTransport<Foam::species::thermo<Foam::coolPropThermo<Foam::icoTabulated<Foam::specie> >, Foam::sensibleEnthalpy> > > >::correct() in ~/OpenFOAM/user-v2512/platforms/linux64GccDPInt32Opt/lib/liblh2CoolPropThermo.so
#5  Foam::phaseSystem::correctThermo() in /usr/lib/openfoam/openfoam2512/platforms/linux64GccDPInt32Opt/lib/libreactingMultiphaseSystem.so
#6  ? in /usr/lib/openfoam/openfoam2512/platforms/linux64GccDPInt32Opt/bin/reactingTwoPhaseEulerFoam
#7  ? in /lib/x86_64-linux-gnu/libc.so.6
#8  __libc_start_main in /lib/x86_64-linux-gnu/libc.so.6
#9  ? in /usr/lib/openfoam/openfoam2512/platforms/linux64GccDPInt32Opt/bin/reactingTwoPhaseEulerFoam
=============
RUN_EXIT=136
