/*---------------------------------------------------------------------------*\
| =========                 |                                                 |
| \\      /  F ield         | OpenFOAM: The Open Source CFD Toolbox           |
|  \\    /   O peration     | Version:  2512                                  |
|   \\  /    A nd           | Website:  www.openfoam.com                      |
|    \\/     M anipulation  |                                                 |
\*---------------------------------------------------------------------------*/
Build  : _87ed40d2-20251219 OPENFOAM=2512 version=2512
Arch   : "LSB;label=32;scalar=64"
Exec   : reactingTwoPhaseEulerFoam
Date   : Sep 02 2026
Time   : 00:32:54
Host   : f95062e3beaa
PID    : 23066
I/O    : uncollated
Case   : /workspace/pilot_case/PILOT-LH2-001/cases/CFD-BASELINE
nProcs : 1
memory pool : not available
fileModificationChecking : Monitoring run-time modified files using timeStampMaster (fileModificationSkew 5, maxFileModificationPolls 20)
allowSystemOperations : Allowing user-supplied system call operations

// * * * * * * * * * * * * * * * * * * * * * * * * * * * * * * * * * * * * * //
Create time

Create mesh for time = 0


PIMPLE: no residual control data found. Calculations will employ 6 corrector loops


Reading g

Reading hRef
Creating phaseSystem

Selecting twoPhaseSystem thermalPhaseChangeTwoPhaseSystem
Selecting phaseModel for gas: purePhaseModel
Selecting diameterModel for phase gas: isothermal
Selecting thermodynamics package 
{
    type            heRhoThermo;
    mixture         pureMixture;
    transport       const;
    thermo          coolPropThermo;
    equationOfState icoTabulated;
    specie          specie;
    energy          sensibleEnthalpy;
}

Calculating face flux field phi.gas
Selecting turbulence model type RAS
Selecting RAS turbulence model continuousGasKEpsilon
RAS
{
    RASModel        continuousGasKEpsilon;
    turbulence      on;
    printCoeffs     on;
    Cmu             0.09;
    C1              1.44;
    C2              1.92;
    C3              0;
    sigmak          1;
    sigmaEps        1.3;
    twoLayerTreatment false;
    ReyStar         200;
    ReyFactor       0.05;
    alphaInversion  0.7;
}

Selecting phaseModel for liquid: purePhaseModel
Selecting diameterModel for phase liquid: constant
Selecting thermodynamics package 
{
    type            heRhoThermo;
    mixture         pureMixture;
    transport       const;
    thermo          coolPropThermo;
    equationOfState icoTabulated;
    specie          specie;
    energy          sensibleEnthalpy;
}

Calculating face flux field phi.liquid
Selecting turbulence model type RAS
Selecting RAS turbulence model LaheyKEpsilon
RAS
{
    RASModel        LaheyKEpsilon;
    turbulence      on;
    printCoeffs     on;
    Cmu             0.09;
    C1              1.44;
    C2              1.92;
    C3              0;
    sigmak          1;
    sigmaEps        1.3;
    twoLayerTreatment false;
    ReyStar         200;
    ReyFactor       0.05;
    alphaInversion  0.3;
    Cp              0.25;
    Cmub            0.6;
}

No MRF models present

Selecting default blending method: none
Selecting dragModel for (gas in liquid): SchillerNaumann
Selecting swarmCorrection for (gas in liquid): none
Selecting virtualMassModel for (gas in liquid): constantCoefficient
Selecting turbulentDispersionModel for (gas in liquid): Burns
Selecting heatTransferModel for (gas in liquid): spherical
Selecting heatTransferModel for (gas in liquid): RanzMarshall
Selecting saturationModel: function1
Calculating field g.h

Reading field p_rgh

Courant Number mean: 0.00375 max: 0.00375000009

Starting time loop

Courant Number mean: 0.00375 max: 0.00375000009
Max Ur Courant Number = 0
deltaT = 0.000119990401
Time = 0.00011999

PIMPLE: iteration 1
MULES: Solving for alpha.gas
MULES: Solving for alpha.gas
MULES: Solving for alpha.gas
alpha.gas volume fraction = 0.01  Min(alpha1) = 0.01  Max(alpha1) = 0.01
Constructing face momentum equations
Tf.gasAndLiquid: min = 21.01, mean = 21.01, max = 21.01
smoothSolver:  Solving for h.gas, Initial residual = 0.99999955, Final residual = 3.94564455e-06, No Iterations 1
smoothSolver:  Solving for h.liquid, Initial residual = 0.999999998, Final residual = 1.21213497e-05, No Iterations 1
Tf.gasAndLiquid: min = 21.0099999, mean = 21.010004, max = 21.0101014
smoothSolver:  Solving for h.gas, Initial residual = 0.999996089, Final residual = 1.63416768e-05, No Iterations 1
smoothSolver:  Solving for h.liquid, Initial residual = 0.000806789383, Final residual = 5.84181339e-09, No Iterations 1
GAMG:  Solving for p_rgh, Initial residual = nan, Final residual = nan, No Iterations 100
PIMPLE: iteration 2
MULES: Solving for alpha.gas
MULES: Solving for alpha.gas
MULES: Solving for alpha.gas
alpha.gas volume fraction = -nan  Min(alpha1) = 0.01  Max(alpha1) = 0.01
Constructing face momentum equations
Tf.gasAndLiquid: min = 21.0099999, mean = 21.0100033, max = 21.0100857
smoothSolver:  Solving for h.gas, Initial residual = nan, Final residual = nan, No Iterations 20
smoothSolver:  Solving for h.liquid, Initial residual = nan, Final residual = nan, No Iterations 20
Tf.gasAndLiquid: min = -nan, mean = -nan, max = -nan
smoothSolver:  Solving for h.gas, Initial residual = nan, Final residual = nan, No Iterations 20


--> FOAM FATAL IO ERROR: (openfoam-2512)
Wrong token type - expected scalar value, found on line 3: word 'nan'

file: system/data/solver/h.gas at line 3.

    From Foam::Istream& Foam::operator>>(Istream&, doubleScalar&)
    in file lnInclude/scalarImpl.txx at line 174.

FOAM exiting

RUN_EXIT=1
