/*---------------------------------------------------------------------------*\
| =========                 |                                                 |
| \\      /  F ield         | OpenFOAM: The Open Source CFD Toolbox           |
|  \\    /   O peration     | Version:  2512                                  |
|   \\  /    A nd           | Website:  www.openfoam.com                      |
|    \\/     M anipulation  |                                                 |
\*---------------------------------------------------------------------------*/
Build  : _bd2b6720-20260127 OPENFOAM=2512 version=2512
Arch   : "LSB;label=32;scalar=64"
Exec   : blockMesh -case /home/ubuntu/Quantum-Hybrid-PINN/pilot_case/LH2-TANK-THERMO-VOF-RUN-001
Date   : Sep 18 2026
Time   : 12:03:07
Host   : 0f5379ece420
PID    : 17500
I/O    : uncollated
Case   : /home/ubuntu/Quantum-Hybrid-PINN/pilot_case/LH2-TANK-THERMO-VOF-RUN-001
nProcs : 1
trapFpe: Floating point exception trapping enabled (FOAM_SIGFPE).
memory pool : not available
fileModificationChecking : Monitoring run-time modified files using timeStampMaster (fileModificationSkew 5, maxFileModificationPolls 20)
allowSystemOperations : Allowing user-supplied system call operations

// * * * * * * * * * * * * * * * * * * * * * * * * * * * * * * * * * * * * * //
Create time

Creating block mesh from "system/blockMeshDict"
No non-linear block edges defined
No non-planar block faces defined
Creating topology blocks

Creating topology patches - from boundary section

Creating block mesh topology

Check topology

	Basic statistics
		Number of internal faces : 0
		Number of boundary faces : 6
		Number of defined boundary faces : 6
		Number of undefined boundary faces : 0
	Checking patch -> block consistency

Creating block offsets
Creating merge list (topological search)...

Creating polyMesh from blockMesh
Creating patches
Creating cells
Creating points with scale (1 1 1)
    Block 0 cell size :
        i : 0.00166379 .. 0.00166379
        j : 0.00166667 .. 0.00166667
        k : 0.001 .. 0.001

No patch pairs to merge

Writing polyMesh with 0 cellZones
----------------
Mesh Information
----------------
  boundingBox: (0 0 0) (0.193 0.45 0.001)
  nPoints: 63414
  nCells: 31320
  nFaces: 125666
  nInternalFaces: 62254
----------------
Patches
----------------
  patch 0 (start: 62254 size: 116) name: bottom
  patch 1 (start: 62370 size: 116) name: top
  patch 2 (start: 62486 size: 270) name: left
  patch 3 (start: 62756 size: 270) name: right
  patch 4 (start: 63026 size: 62640) name: frontAndBack

End
