/*---------------------------------------------------------------------------*\
  =========                 |
  \\      /  F ield         | OpenFOAM: The Open Source CFD Toolbox
   \\    /   O peration     | Website:  https://openfoam.org
    \\  /    A nd           | Version:  13
     \\/     M anipulation  |
\*---------------------------------------------------------------------------*/
Build  : 13-18870c24d21c
Exec   : checkMesh
Date   : Aug 30 2026
Time   : 12:18:08
Host   : "db71298c03d4"
PID    : 11000
I/O    : uncollated
Case   : /home/ubuntu/Quantum-Hybrid-PINN/pilot_case/runs/OPENFOAM-CYLINDER-001
nProcs : 1
sigFpe : Enabling floating point exception trapping (FOAM_SIGFPE).
fileModificationChecking : Monitoring run-time modified files using timeStampMaster (fileModificationSkew 10)
allowSystemOperations : Allowing user-supplied system call operations

// * * * * * * * * * * * * * * * * * * * * * * * * * * * * * * * * * * * * * //
Create time

Create mesh for time = 0

Time = 0s

Mesh stats
    points:           4222
    internal points:  0
    faces:            8110
    internal faces:   3890
    cells:            2000
    faces per cell:   6
    boundary patches: 6
    point zones:      0
    face zones:       0
    cell zones:       0

Overall number of cells of each type:
    hexahedra:     2000
    prisms:        0
    wedges:        0
    pyramids:      0
    tet wedges:    0
    tetrahedra:    0
    polyhedra:     0

Checking topology...
    Boundary definition OK.
    Cell to face addressing OK.
    Point usage OK.
    Upper triangular ordering OK.
    Face vertices OK.
    Number of regions: 1 (OK).

Checking patch topology for multiply connected surfaces...
    Patch               Faces    Points   Surface topology                  
    down                60       124      ok (non-closed singly connected)  
    right               30       62       ok (non-closed singly connected)  
    up                  60       122      ok (non-closed singly connected)  
    left                30       62       ok (non-closed singly connected)  
    cylinder            40       82       ok (non-closed singly connected)  
    defaultFaces        4000     4222     ok (non-closed singly connected)  

Checking geometry...
    Overall domain bounding box (-2 0 -0.5) (2 2 0.5)
    Mesh has 2 geometric (non-empty/wedge) directions (1 1 0)
    Mesh has 2 solution (non-empty) directions (1 1 0)
    All edges aligned with or perpendicular to non-empty directions.
    Max cell openness = 2.09824e-16 OK.
    Max aspect ratio = 1.97695 OK.
    Minimum face area = 0.00205955. Maximum face area = 0.0785196.  Face area magnitudes OK.
    Min volume = 0.00205955. Max volume = 0.00445575.  Total volume = 7.6077.  Cell volumes OK.
    Mesh non-orthogonality Max: 41.2644 average: 10.0965
    Non-orthogonality check OK.
    Face pyramids OK.
    Max skewness = 0.422837 OK.
    Coupled point location match (average 0) OK.

Mesh OK.

End

