/*---------------------------------------------------------------------------*\
  =========                 |
  \\      /  F ield         | OpenFOAM: The Open Source CFD Toolbox
   \\    /   O peration     | Website:  https://openfoam.org
    \\  /    A nd           | Version:  13
     \\/     M anipulation  |
\*---------------------------------------------------------------------------*/
Build  : 13-18870c24d21c
Exec   : potentialFoam
Date   : Aug 30 2026
Time   : 12:18:08
Host   : "db71298c03d4"
PID    : 11003
I/O    : uncollated
Case   : /home/ubuntu/Quantum-Hybrid-PINN/pilot_case/runs/OPENFOAM-CYLINDER-001
nProcs : 1
sigFpe : Enabling floating point exception trapping (FOAM_SIGFPE).
fileModificationChecking : Monitoring run-time modified files using timeStampMaster (fileModificationSkew 10)
allowSystemOperations : Allowing user-supplied system call operations

// * * * * * * * * * * * * * * * * * * * * * * * * * * * * * * * * * * * * * //
Create time

Create mesh for time = 0

Reading velocity field U

Constructing pressure field p

Constructing velocity potential field Phi

No MRF models present


Calculating potential flow
GAMG:  Solving for Phi, Initial residual = 1, Final residual = 0.00645988, No Iterations 5
GAMG:  Solving for Phi, Initial residual = 0.0126268, Final residual = 6.6182e-05, No Iterations 4
GAMG:  Solving for Phi, Initial residual = 0.00260623, Final residual = 2.0189e-05, No Iterations 3
GAMG:  Solving for Phi, Initial residual = 0.000910968, Final residual = 3.41138e-06, No Iterations 4
Continuity error = 0.000135471
Interpolated velocity error = 1.18729e-05
ExecutionTime = 0.019575 s  ClockTime = 0 s

End

