/*---------------------------------------------------------------------------*\
| =========                 |                                                 |
| \\      /  F ield         | OpenFOAM: The Open Source CFD Toolbox           |
|  \\    /   O peration     | Version:  2512                                  |
|   \\  /    A nd           | Website:  www.openfoam.com                      |
|    \\/     M anipulation  |                                                 |
\*---------------------------------------------------------------------------*/
Build  : _bd2b6720-20260127 OPENFOAM=2512 version=2512
Arch   : "LSB;label=32;scalar=64"
Exec   : checkMesh
Date   : Sep 18 2026
Time   : 11:07:20
Host   : 0f5379ece420
PID    : 7649
I/O    : uncollated
Case   : /home/ubuntu/Quantum-Hybrid-PINN/pilot_case/LH2-TANK-TRANSIENT-RUN-001/case
nProcs : 1
trapFpe: Floating point exception trapping enabled (FOAM_SIGFPE).
memory pool : not available
fileModificationChecking : Monitoring run-time modified files using timeStampMaster (fileModificationSkew 5, maxFileModificationPolls 20)
allowSystemOperations : Allowing user-supplied system call operations

// * * * * * * * * * * * * * * * * * * * * * * * * * * * * * * * * * * * * * //
Create time

Create mesh for time = 0

Check mesh...

Time = 0

Mesh stats
    points:           136079
    faces:            346156
    internal faces:   315556
    cells:            106764
    faces per cell:   6.19789442134
    boundary patches: 1
    point zones:      1
    face zones:       0
    cell zones:       0

Overall number of cells of each type:
    hexahedra:     79920
    prisms:        9712
    wedges:        0
    pyramids:      0
    tet wedges:    48
    tetrahedra:    0
    polyhedra:     17084
    Breakdown of polyhedra by number of faces:
        faces   number of cells
            4   3572
            5   1784
            6   3504
            9   4160
           12   3064
           15   1000

Checking topology...
    Boundary definition OK.
    Cell to face addressing OK.
    Point usage OK.
    Upper triangular ordering OK.
    Face vertices OK.
    Number of regions: 1 (OK).

Checking patch topology for multiply connected surfaces...
                   Patch    Faces   Points  Surface topology
                tankWall    30600    33958      ok (closed singly connected)
                    ".*"    30600    33958      ok (closed singly connected)


Checking faceZone topology for multiply connected surfaces...
    No faceZones found.

Checking basic cellZone addressing...
    No cellZones found.

Checking basic pointZone addressing...
               PointZone  PointsBoundingBox
            frozenPoints       0(1e+150 1e+150 1e+150) (-1e+150 -1e+150 -1e+150)

Checking geometry...
    Overall domain bounding box (-0.193000003695 -0.193000003695 1.61219418129e-06) (0.193000003695 0.193000003695 0.449998298684)
    Mesh has 3 geometric (non-empty/wedge) directions (1 1 1)
    Mesh has 3 solution (non-empty) directions (1 1 1)
    Boundary openness (-3.18773532019e-16 8.74479572312e-17 4.74578932404e-17) OK.
    Max cell openness = 4.21915089327e-16 OK.
    Max aspect ratio = 6.22233823106 OK.
    Minimum face area = 4.5198458418e-06. Maximum face area = 0.000407484127931.  Face area magnitudes OK.
    Min volume = 1.20913182227e-08. Max volume = 5.17405340451e-06.  Total volume = 0.0446306887775.  Cell volumes OK.
    Mesh non-orthogonality Max: 48.9728964366 average: 11.8304955451
    Non-orthogonality check OK.
    Face pyramids OK.
    Max skewness = 1.62737637742 OK.
    Coupled point location match (average 0) OK.

Mesh OK.

End
