/*---------------------------------------------------------------------------*\
  =========                 |
  \\      /  F ield         | OpenFOAM: The Open Source CFD Toolbox
   \\    /   O peration     | Website:  https://openfoam.org
    \\  /    A nd           | Version:  13
     \\/     M anipulation  |
\*---------------------------------------------------------------------------*/
Build  : 13-18870c24d21c
Exec   : surfaceMeshConvert -tri /home/ubuntu/Quantum-Hybrid-PINN/pilot_case/PILOT-002-OPENFOAM-CYLINDER/geometry/cylinder_surface.stl /home/ubuntu/Quantum-Hybrid-PINN/pilot_case/PILOT-002-OPENFOAM-CYLINDER/geometry/cylinder_surface.obj
Date   : Aug 30 2026
Time   : 13:44:57
Host   : "db71298c03d4"
PID    : 17718
I/O    : uncollated
Case   : /home/ubuntu/Quantum-Hybrid-PINN/pilot_case/runs/OPENFOAM-CYLINDER-001
nProcs : 1
sigFpe : Enabling floating point exception trapping (FOAM_SIGFPE).
fileModificationChecking : Monitoring run-time modified files using timeStampMaster (fileModificationSkew 10)
allowSystemOperations : Allowing user-supplied system call operations

// * * * * * * * * * * * * * * * * * * * * * * * * * * * * * * * * * * * * * //
triangulate
writing "/home/ubuntu/Quantum-Hybrid-PINN/pilot_case/PILOT-002-OPENFOAM-CYLINDER/geometry/cylinder_surface.obj"
End

