/*---------------------------------------------------------------------------*\
| =========                 |                                                 |
| \\      /  F ield         | OpenFOAM: The Open Source CFD Toolbox           |
|  \\    /   O peration     | Version:  2512                                  |
|   \\  /    A nd           | Website:  www.openfoam.com                      |
|    \\/     M anipulation  |                                                 |
\*---------------------------------------------------------------------------*/
Build  : _bd2b6720-20260127 OPENFOAM=2512 version=2512
Arch   : "LSB;label=32;scalar=64"
Exec   : snappyHexMesh -overwrite
Date   : Sep 17 2026
Time   : 09:11:30
Host   : 0f5379ece420
PID    : 7702
I/O    : uncollated
Case   : /tmp/Quantum-Hybrid-PINN/runs/PCCV-TRANSIENT-RUN-001
nProcs : 1
trapFpe: Floating point exception trapping enabled (FOAM_SIGFPE).
memory pool : not available
fileModificationChecking : Monitoring run-time modified files using timeStampMaster (fileModificationSkew 5, maxFileModificationPolls 20)
allowSystemOperations : Allowing user-supplied system call operations

// * * * * * * * * * * * * * * * * * * * * * * * * * * * * * * * * * * * * * //
Create time

Create mesh for time = 0

Read mesh in = 0.09 s


--> FOAM FATAL IO ERROR: (openfoam-2512)
Entry 'addLayersControls' not found (or not a dictionary) in dictionary "system/snappyHexMeshDict"


file: system/snappyHexMeshDict at line 2.

    From static const Foam::dictionary& Foam::meshRefinement::subDict(const Foam::dictionary&, const Foam::word&, bool, Foam::keyType::option)
    in file meshRefinement/meshRefinement.C at line 3864.

FOAM exiting

