/*---------------------------------------------------------------------------*\
| =========                 |                                                 |
| \\      /  F ield         | OpenFOAM: The Open Source CFD Toolbox           |
|  \\    /   O peration     | Version:  2512                                  |
|   \\  /    A nd           | Website:  www.openfoam.com                      |
|    \\/     M anipulation  |                                                 |
\*---------------------------------------------------------------------------*/
Build  : _bd2b6720-20260127 OPENFOAM=2512 version=2512
Arch   : "LSB;label=32;scalar=64"
Exec   : checkMesh -allGeometry -allTopology
Date   : Sep 17 2026
Time   : 09:11:30
Host   : 0f5379ece420
PID    : 7703
I/O    : uncollated
Case   : /tmp/Quantum-Hybrid-PINN/runs/PCCV-TRANSIENT-RUN-001
nProcs : 1
trapFpe: Floating point exception trapping enabled (FOAM_SIGFPE).
memory pool : not available
fileModificationChecking : Monitoring run-time modified files using timeStampMaster (fileModificationSkew 5, maxFileModificationPolls 20)
allowSystemOperations : Allowing user-supplied system call operations

// * * * * * * * * * * * * * * * * * * * * * * * * * * * * * * * * * * * * * //
Create time

Create mesh for time = 0

Check mesh...
    Enabling all (cell, face, edge, point) topology checks.
    Enabling all geometry checks.

Time = 0

Mesh stats 
    points:           25625
    faces:            71616
    internal faces:   66624
    cells:            23040
    faces per cell:   6
    boundary patches: 4
    point zones:      0
    face zones:       0
    cell zones:       0

Overall number of cells of each type:
    hexahedra:     23040
    prisms:        0
    wedges:        0
    pyramids:      0
    tet wedges:    0
    tetrahedra:    0
    polyhedra:     0

Checking topology...
    Boundary definition OK.
 ***Total number of faces on empty patches is not divisible by the number of cells in the mesh. Hence this mesh is not 1D or 2D.
    Cell to face addressing OK.
    Point usage OK.
    Upper triangular ordering OK.
    Face vertices OK.
    Topological cell zip-up check OK.
    Face-face connectivity OK.
    Number of regions: 1 (OK).

Checking patch topology for multiply connected surfaces...
    Patch               Faces    Points     Surface topology  Bounding box
    inlet               960      1025     ok (non-closed singly connected)   (-0.3 -0.3 -0.3) (-0.3 0.3 0.7)
    outlet              960      1025     ok (non-closed singly connected)   (0.3 -0.3 -0.3) (0.3 0.3 0.7)
    sides               2496     2625     ok (non-closed singly connected)   (-0.3 -0.3 -0.3) (0.3 0.3 0.7)
    defaultFaces        576      625      ok (non-closed singly connected)   (-0.3 -0.3 0.7) (0.3 0.3 0.7)
    ".*"                4992     4994     ok (closed singly connected)       (-0.3 -0.3 -0.3) (0.3 0.3 0.7)


Checking faceZone topology for multiply connected surfaces...
    No faceZones found.

Checking basic cellZone addressing...
    No cellZones found.

Checking basic pointZone addressing...
    No pointZones found.

Checking geometry...
    Overall domain bounding box (-0.3 -0.3 -0.3) (0.3 0.3 0.7)
    Mesh has 2 geometric (non-empty/wedge) directions (1 1 0)
    Mesh has 2 solution (non-empty) directions (1 1 0)
    All edges aligned with or perpendicular to non-empty directions.
    Boundary openness (1.598503203e-16 -2.418604846e-17 5.838011698e-18) OK.
    Max cell openness = 1.734723476e-16 OK.
    Max aspect ratio = 1 OK.
    Minimum face area = 0.000625. Maximum face area = 0.000625.  Face area magnitudes OK.
    Min volume = 1.5625e-05. Max volume = 1.5625e-05.  Total volume = 0.36.  Cell volumes OK.
    Mesh non-orthogonality Max: 0 average: 0
    Non-orthogonality check OK.
    Face pyramids OK.
    Max skewness = 3.448420001e-14 OK.
    Coupled point location match (average 0) OK.
    Face tets OK.
    Min/max edge length = 0.025 0.025 OK.
    All angles in faces OK.
    Face flatness (1 = flat, 0 = butterfly) : min = 1  average = 1
    All face flatness OK.
    Cell determinant (wellposedness) : minimum: 0.125 average: 0.4592013889
    Cell determinant check OK.
    Concave cell check OK.
    Face interpolation weight : minimum: 0.5 average: 0.5
    Face interpolation weight check OK.
    Face volume ratio : minimum: 1 average: 1
    Face volume ratio check OK.

Mesh OK.

End

