{
  "mesh": [
    {
      "n": 24,
      "p": 123230.63204896932,
      "m_v": 0.03964949360833499
    },
    {
      "n": 48,
      "p": 122619.12669584916,
      "m_v": 0.039478679568230014
    },
    {
      "n": 96,
      "p": 121587.98851505076,
      "m_v": 0.039190418196836656
    }
  ],
  "time": [
    {
      "dt": 1.0,
      "p": 122619.12669584916
    },
    {
      "dt": 2.0,
      "p": 122672.07447471788
    },
    {
      "dt": 5.0,
      "p": 122830.4300226834
    }
  ],
  "insulation": [
    {
      "thickness": 0.01,
      "p": 174336.13578774023,
      "m_v": 0.05364886387634622,
      "T": 22.250416168940138
    },
    {
      "thickness": 0.02,
      "p": 122619.12669584916,
      "m_v": 0.039478679568230014,
      "T": 20.932477689548257
    },
    {
      "thickness": 0.03,
      "p": 107332.55877353364,
      "m_v": 0.03517539444242182,
      "T": 20.46714223462892
    }
  ]
}
